2026-09-12 10:39:06 - [edge_ai] - [INFO] - [QueueDetector] Initialized with threshold=3, roi=None, service_time=2.0s
2026-09-12 10:39:06 - [edge_ai] - [INFO] - [QueueDetector] Initialized with threshold=5, roi=[100, 200, 300, 150], service_time=2.0s
2026-09-12 10:39:06 - [edge_ai] - [INFO] - [QueueDetector] Initialized with threshold=3, roi=None, service_time=2.0s
2026-09-12 10:39:06 - [edge_ai] - [INFO] - [QueueDetector] Initialized with threshold=3, roi=None, service_time=2.0s
2026-09-12 10:39:06 - [edge_ai] - [WARNING] - [QueueDetector] QUEUE_OVERFLOW: count=4, threshold=3, est_wait=8.0s
2026-09-12 10:39:06 - [edge_ai] - [INFO] - [QueueDetector] Initialized with threshold=3, roi=None, service_time=2.0s
2026-09-12 10:39:06 - [edge_ai] - [INFO] - [QueueDetector] QUEUE_EMPTY: queue has cleared
2026-09-12 10:39:06 - [edge_ai] - [INFO] - [QueueDetector] Initialized with threshold=3, roi=None, service_time=2.0s
2026-09-12 10:39:06 - [edge_ai] - [INFO] - [ShelfDetector] Initialized with 1 shelves, out_of_stock_threshold=10%
2026-09-12 10:39:06 - [edge_ai] - [INFO] - [ShelfDetector] Initialized with 1 shelves, out_of_stock_threshold=10%
2026-09-12 10:39:06 - [edge_ai] - [INFO] - [ShelfDetector] Initialized with 1 shelves, out_of_stock_threshold=10.0%
2026-09-12 10:39:06 - [edge_ai] - [WARNING] - [ShelfDetector] OUT_OF_STOCK_DETECTED: shelf=A1, fill=0.0%, count=0/10
2026-09-12 10:39:06 - [edge_ai] - [INFO] - [ShelfDetector] Initialized with 1 shelves, out_of_stock_threshold=10%
2026-09-12 10:39:06 - [edge_ai] - [INFO] - [ShelfDetector] Initialized with 0 shelves, out_of_stock_threshold=10%
2026-09-12 10:39:06 - [edge_ai] - [INFO] - [ShelfDetector] Added shelf: B1
2026-09-12 10:39:06 - [edge_ai] - [INFO] - [ShelfDetector] Removed shelf: B1
2026-09-12 10:39:06 - [edge_ai] - [WARNING] - [IRSensor] RPi.GPIO not available — using mock mode
2026-09-12 10:39:06 - [edge_ai] - [DEBUG] - [MockSensor] Initialized — simulated sensor mode active
2026-09-12 10:39:06 - [edge_ai] - [DEBUG] - [IRSensor] Mock mode — pin 27
2026-09-12 10:39:06 - [edge_ai] - [DEBUG] - [Ultrasonic] Mock mode — trig=23, echo=24
2026-09-12 10:39:06 - [edge_ai] - [INFO] - [SensorManager] Initialized — mock=True, dht22=mock, hx711=mock, ir=enabled, ultrasonic=enabled
2026-09-12 10:39:06 - [edge_ai] - [DEBUG] - [MockSensor] Initialized — simulated sensor mode active
2026-09-12 10:39:06 - [edge_ai] - [DEBUG] - [IRSensor] Mock mode — pin 27
2026-09-12 10:39:06 - [edge_ai] - [DEBUG] - [Ultrasonic] Mock mode — trig=23, echo=24
2026-09-12 10:39:06 - [edge_ai] - [INFO] - [SensorManager] Initialized — mock=True, dht22=mock, hx711=mock, ir=enabled, ultrasonic=enabled
2026-09-12 10:39:06 - [edge_ai] - [DEBUG] - [MockSensor] Initialized — simulated sensor mode active
2026-09-12 10:39:06 - [edge_ai] - [DEBUG] - [IRSensor] Mock mode — pin 27
2026-09-12 10:39:06 - [edge_ai] - [DEBUG] - [Ultrasonic] Mock mode — trig=23, echo=24
2026-09-12 10:39:06 - [edge_ai] - [INFO] - [SensorManager] Initialized — mock=True, dht22=mock, hx711=mock, ir=enabled, ultrasonic=enabled
2026-09-12 10:39:06 - [edge_ai] - [DEBUG] - [MockSensor] Initialized — simulated sensor mode active
2026-09-12 10:39:06 - [edge_ai] - [DEBUG] - [IRSensor] Mock mode — pin 27
2026-09-12 10:39:06 - [edge_ai] - [DEBUG] - [Ultrasonic] Mock mode — trig=23, echo=24
2026-09-12 10:39:06 - [edge_ai] - [INFO] - [SensorManager] Initialized — mock=True, dht22=mock, hx711=mock, ir=enabled, ultrasonic=enabled
2026-09-12 10:39:06 - [edge_ai] - [DEBUG] - [MockSensor] Initialized — simulated sensor mode active
2026-09-12 10:39:06 - [edge_ai] - [DEBUG] - [IRSensor] Mock mode — pin 27
2026-09-12 10:39:06 - [edge_ai] - [DEBUG] - [Ultrasonic] Mock mode — trig=23, echo=24
2026-09-12 10:39:06 - [edge_ai] - [INFO] - [SensorManager] Initialized — mock=True, dht22=mock, hx711=mock, ir=enabled, ultrasonic=enabled
2026-09-12 10:39:06 - [edge_ai] - [DEBUG] - [Ultrasonic] Mock mode — trig=23, echo=24
2026-09-12 10:39:06 - [edge_ai] - [DEBUG] - [Ultrasonic] Mock mode — trig=23, echo=24
2026-09-12 10:39:06 - [edge_ai] - [DEBUG] - [Ultrasonic] Mock mode — trig=23, echo=24
2026-09-12 10:39:06 - [edge_ai] - [DEBUG] - [Ultrasonic] Mock mode — trig=23, echo=24
2026-09-12 10:39:06 - [edge_ai] - [DEBUG] - [IRSensor] Mock mode — pin 27
2026-09-12 10:39:06 - [edge_ai] - [DEBUG] - [IRSensor] Mock mode — pin 27
2026-09-12 10:39:06 - [edge_ai] - [DEBUG] - [IRSensor] Mock mode — pin 27
2026-09-12 10:39:06 - [edge_ai] - [DEBUG] - [IRSensor] Mock mode — pin 27
2026-09-12 10:39:07 - [edge_ai] - [DEBUG] - [IRSensor] Mock mode — pin 27
2026-09-12 10:39:07 - [edge_ai] - [DEBUG] - [MockSensor] Initialized — simulated sensor mode active
2026-09-12 10:39:07 - [edge_ai] - [DEBUG] - [MockSensor] Initialized — simulated sensor mode active
2026-09-12 10:39:07 - [edge_ai] - [DEBUG] - [MockSensor] Initialized — simulated sensor mode active
2026-09-12 10:39:07 - [edge_ai] - [DEBUG] - [MockSensor] Initialized — simulated sensor mode active
2026-09-12 10:39:07 - [edge_ai] - [DEBUG] - [IRSensor] Mock mode — pin 27
2026-09-12 10:39:07 - [edge_ai] - [DEBUG] - [Ultrasonic] Mock mode — trig=23, echo=24
2026-09-12 10:39:07 - [edge_ai] - [INFO] - [SensorManager] Initialized — mock=True, dht22=mock, hx711=mock, ir=enabled, ultrasonic=enabled
2026-09-12 10:39:07 - [edge_ai] - [DEBUG] - [MockSensor] Initialized — simulated sensor mode active
2026-09-12 10:39:07 - [edge_ai] - [DEBUG] - [IRSensor] Mock mode — pin 27
2026-09-12 10:39:07 - [edge_ai] - [DEBUG] - [Ultrasonic] Mock mode — trig=23, echo=24
2026-09-12 10:39:07 - [edge_ai] - [INFO] - [SensorManager] Initialized — mock=True, dht22=mock, hx711=mock, ir=enabled, ultrasonic=enabled
2026-09-12 10:39:07 - [edge_ai] - [DEBUG] - [MockSensor] Initialized — simulated sensor mode active
2026-09-12 10:39:07 - [edge_ai] - [DEBUG] - [IRSensor] Mock mode — pin 27
2026-09-12 10:39:07 - [edge_ai] - [DEBUG] - [Ultrasonic] Mock mode — trig=23, echo=24
2026-09-12 10:39:07 - [edge_ai] - [INFO] - [SensorManager] Initialized — mock=True, dht22=mock, hx711=mock, ir=enabled, ultrasonic=enabled
2026-09-12 10:39:24 - [edge_ai] - [INFO] - [QueueDetector] Initialized with threshold=3, roi=None, service_time=2.0s
2026-09-12 10:39:24 - [edge_ai] - [INFO] - [QueueDetector] Initialized with threshold=5, roi=[100, 200, 300, 150], service_time=2.0s
2026-09-12 10:39:24 - [edge_ai] - [INFO] - [QueueDetector] Initialized with threshold=3, roi=None, service_time=2.0s
2026-09-12 10:39:24 - [edge_ai] - [INFO] - [QueueDetector] Initialized with threshold=3, roi=None, service_time=2.0s
2026-09-12 10:39:24 - [edge_ai] - [WARNING] - [QueueDetector] QUEUE_OVERFLOW: count=4, threshold=3, est_wait=8.0s
2026-09-12 10:39:24 - [edge_ai] - [INFO] - [QueueDetector] Initialized with threshold=3, roi=None, service_time=2.0s
2026-09-12 10:39:24 - [edge_ai] - [INFO] - [QueueDetector] QUEUE_EMPTY: queue has cleared
2026-09-12 10:39:24 - [edge_ai] - [INFO] - [QueueDetector] Initialized with threshold=3, roi=None, service_time=2.0s
2026-09-12 10:39:24 - [edge_ai] - [INFO] - [ShelfDetector] Initialized with 1 shelves, out_of_stock_threshold=10%
2026-09-12 10:39:24 - [edge_ai] - [INFO] - [ShelfDetector] Initialized with 1 shelves, out_of_stock_threshold=10%
2026-09-12 10:39:24 - [edge_ai] - [INFO] - [ShelfDetector] Initialized with 1 shelves, out_of_stock_threshold=10.0%
2026-09-12 10:39:24 - [edge_ai] - [WARNING] - [ShelfDetector] OUT_OF_STOCK_DETECTED: shelf=A1, fill=0.0%, count=0/10
2026-09-12 10:39:24 - [edge_ai] - [INFO] - [ShelfDetector] Initialized with 1 shelves, out_of_stock_threshold=10%
2026-09-12 10:39:24 - [edge_ai] - [INFO] - [ShelfDetector] Initialized with 0 shelves, out_of_stock_threshold=10%
2026-09-12 10:39:24 - [edge_ai] - [INFO] - [ShelfDetector] Added shelf: B1
2026-09-12 10:39:24 - [edge_ai] - [INFO] - [ShelfDetector] Removed shelf: B1
2026-09-12 10:39:24 - [edge_ai] - [WARNING] - [IRSensor] RPi.GPIO not available — using mock mode
2026-09-12 10:39:24 - [edge_ai] - [DEBUG] - [MockSensor] Initialized — simulated sensor mode active
2026-09-12 10:39:24 - [edge_ai] - [DEBUG] - [IRSensor] Mock mode — pin 27
2026-09-12 10:39:24 - [edge_ai] - [DEBUG] - [Ultrasonic] Mock mode — trig=23, echo=24
2026-09-12 10:39:24 - [edge_ai] - [INFO] - [SensorManager] Initialized — mock=True, dht22=mock, hx711=mock, ir=enabled, ultrasonic=enabled
2026-09-12 10:39:24 - [edge_ai] - [DEBUG] - [MockSensor] Initialized — simulated sensor mode active
2026-09-12 10:39:24 - [edge_ai] - [DEBUG] - [IRSensor] Mock mode — pin 27
2026-09-12 10:39:24 - [edge_ai] - [DEBUG] - [Ultrasonic] Mock mode — trig=23, echo=24
2026-09-12 10:39:24 - [edge_ai] - [INFO] - [SensorManager] Initialized — mock=True, dht22=mock, hx711=mock, ir=enabled, ultrasonic=enabled
2026-09-12 10:39:24 - [edge_ai] - [DEBUG] - [MockSensor] Initialized — simulated sensor mode active
2026-09-12 10:39:24 - [edge_ai] - [DEBUG] - [IRSensor] Mock mode — pin 27
2026-09-12 10:39:24 - [edge_ai] - [DEBUG] - [Ultrasonic] Mock mode — trig=23, echo=24
2026-09-12 10:39:24 - [edge_ai] - [INFO] - [SensorManager] Initialized — mock=True, dht22=mock, hx711=mock, ir=enabled, ultrasonic=enabled
2026-09-12 10:39:24 - [edge_ai] - [DEBUG] - [MockSensor] Initialized — simulated sensor mode active
2026-09-12 10:39:24 - [edge_ai] - [DEBUG] - [IRSensor] Mock mode — pin 27
2026-09-12 10:39:24 - [edge_ai] - [DEBUG] - [Ultrasonic] Mock mode — trig=23, echo=24
2026-09-12 10:39:24 - [edge_ai] - [INFO] - [SensorManager] Initialized — mock=True, dht22=mock, hx711=mock, ir=enabled, ultrasonic=enabled
2026-09-12 10:39:24 - [edge_ai] - [DEBUG] - [MockSensor] Initialized — simulated sensor mode active
2026-09-12 10:39:24 - [edge_ai] - [DEBUG] - [IRSensor] Mock mode — pin 27
2026-09-12 10:39:24 - [edge_ai] - [DEBUG] - [Ultrasonic] Mock mode — trig=23, echo=24
2026-09-12 10:39:24 - [edge_ai] - [INFO] - [SensorManager] Initialized — mock=True, dht22=mock, hx711=mock, ir=enabled, ultrasonic=enabled
2026-09-12 10:39:24 - [edge_ai] - [DEBUG] - [Ultrasonic] Mock mode — trig=23, echo=24
2026-09-12 10:39:24 - [edge_ai] - [DEBUG] - [Ultrasonic] Mock mode — trig=23, echo=24
2026-09-12 10:39:24 - [edge_ai] - [DEBUG] - [Ultrasonic] Mock mode — trig=23, echo=24
2026-09-12 10:39:24 - [edge_ai] - [DEBUG] - [Ultrasonic] Mock mode — trig=23, echo=24
2026-09-12 10:39:24 - [edge_ai] - [DEBUG] - [IRSensor] Mock mode — pin 27
2026-09-12 10:39:24 - [edge_ai] - [DEBUG] - [IRSensor] Mock mode — pin 27
2026-09-12 10:39:24 - [edge_ai] - [DEBUG] - [IRSensor] Mock mode — pin 27
2026-09-12 10:39:24 - [edge_ai] - [DEBUG] - [IRSensor] Mock mode — pin 27
2026-09-12 10:39:25 - [edge_ai] - [DEBUG] - [IRSensor] Mock mode — pin 27
2026-09-12 10:39:25 - [edge_ai] - [DEBUG] - [MockSensor] Initialized — simulated sensor mode active
2026-09-12 10:39:25 - [edge_ai] - [DEBUG] - [MockSensor] Initialized — simulated sensor mode active
2026-09-12 10:39:25 - [edge_ai] - [DEBUG] - [MockSensor] Initialized — simulated sensor mode active
2026-09-12 10:39:25 - [edge_ai] - [DEBUG] - [MockSensor] Initialized — simulated sensor mode active
2026-09-12 10:39:25 - [edge_ai] - [DEBUG] - [IRSensor] Mock mode — pin 27
2026-09-12 10:39:25 - [edge_ai] - [DEBUG] - [Ultrasonic] Mock mode — trig=23, echo=24
2026-09-12 10:39:25 - [edge_ai] - [INFO] - [SensorManager] Initialized — mock=True, dht22=mock, hx711=mock, ir=enabled, ultrasonic=enabled
2026-09-12 10:39:25 - [edge_ai] - [DEBUG] - [MockSensor] Initialized — simulated sensor mode active
2026-09-12 10:39:25 - [edge_ai] - [DEBUG] - [IRSensor] Mock mode — pin 27
2026-09-12 10:39:25 - [edge_ai] - [DEBUG] - [Ultrasonic] Mock mode — trig=23, echo=24
2026-09-12 10:39:25 - [edge_ai] - [INFO] - [SensorManager] Initialized — mock=True, dht22=mock, hx711=mock, ir=enabled, ultrasonic=enabled
2026-09-12 10:39:25 - [edge_ai] - [DEBUG] - [MockSensor] Initialized — simulated sensor mode active
2026-09-12 10:39:25 - [edge_ai] - [DEBUG] - [IRSensor] Mock mode — pin 27
2026-09-12 10:39:25 - [edge_ai] - [DEBUG] - [Ultrasonic] Mock mode — trig=23, echo=24
2026-09-12 10:39:25 - [edge_ai] - [INFO] - [SensorManager] Initialized — mock=True, dht22=mock, hx711=mock, ir=enabled, ultrasonic=enabled
2026-09-12 10:39:33 - [edge_ai] - [INFO] - [QueueDetector] Initialized with threshold=3, roi=None, service_time=2.0s
2026-09-12 10:39:33 - [edge_ai] - [INFO] - [QueueDetector] Initialized with threshold=5, roi=[100, 200, 300, 150], service_time=2.0s
2026-09-12 10:39:33 - [edge_ai] - [INFO] - [QueueDetector] Initialized with threshold=3, roi=None, service_time=2.0s
2026-09-12 10:39:33 - [edge_ai] - [INFO] - [QueueDetector] Initialized with threshold=3, roi=None, service_time=2.0s
2026-09-12 10:39:33 - [edge_ai] - [WARNING] - [QueueDetector] QUEUE_OVERFLOW: count=4, threshold=3, est_wait=8.0s
2026-09-12 10:39:33 - [edge_ai] - [INFO] - [QueueDetector] Initialized with threshold=3, roi=None, service_time=2.0s
2026-09-12 10:39:33 - [edge_ai] - [INFO] - [QueueDetector] QUEUE_EMPTY: queue has cleared
2026-09-12 10:39:33 - [edge_ai] - [INFO] - [QueueDetector] Initialized with threshold=3, roi=None, service_time=2.0s
2026-09-12 10:39:33 - [edge_ai] - [WARNING] - [QueueDetector] QUEUE_OVERFLOW: count=3, threshold=3, est_wait=6.0s
2026-09-12 10:39:33 - [edge_ai] - [INFO] - [ShelfDetector] Initialized with 1 shelves, out_of_stock_threshold=10%
2026-09-12 10:39:33 - [edge_ai] - [INFO] - [ShelfDetector] Initialized with 1 shelves, out_of_stock_threshold=10%
2026-09-12 10:39:33 - [edge_ai] - [INFO] - [ShelfDetector] Initialized with 1 shelves, out_of_stock_threshold=10.0%
2026-09-12 10:39:33 - [edge_ai] - [WARNING] - [ShelfDetector] OUT_OF_STOCK_DETECTED: shelf=A1, fill=0.0%, count=0/10
2026-09-12 10:39:33 - [edge_ai] - [INFO] - [ShelfDetector] Initialized with 1 shelves, out_of_stock_threshold=10%
2026-09-12 10:39:33 - [edge_ai] - [INFO] - [ShelfDetector] Initialized with 0 shelves, out_of_stock_threshold=10%
2026-09-12 10:39:33 - [edge_ai] - [INFO] - [ShelfDetector] Added shelf: B1
2026-09-12 10:39:33 - [edge_ai] - [INFO] - [ShelfDetector] Removed shelf: B1
2026-09-12 10:39:33 - [edge_ai] - [WARNING] - [IRSensor] RPi.GPIO not available — using mock mode
2026-09-12 10:39:33 - [edge_ai] - [DEBUG] - [MockSensor] Initialized — simulated sensor mode active
2026-09-12 10:39:33 - [edge_ai] - [DEBUG] - [IRSensor] Mock mode — pin 27
2026-09-12 10:39:33 - [edge_ai] - [DEBUG] - [Ultrasonic] Mock mode — trig=23, echo=24
2026-09-12 10:39:33 - [edge_ai] - [INFO] - [SensorManager] Initialized — mock=True, dht22=mock, hx711=mock, ir=enabled, ultrasonic=enabled
2026-09-12 10:39:33 - [edge_ai] - [DEBUG] - [MockSensor] Initialized — simulated sensor mode active
2026-09-12 10:39:33 - [edge_ai] - [DEBUG] - [IRSensor] Mock mode — pin 27
2026-09-12 10:39:33 - [edge_ai] - [DEBUG] - [Ultrasonic] Mock mode — trig=23, echo=24
2026-09-12 10:39:33 - [edge_ai] - [INFO] - [SensorManager] Initialized — mock=True, dht22=mock, hx711=mock, ir=enabled, ultrasonic=enabled
2026-09-12 10:39:33 - [edge_ai] - [DEBUG] - [MockSensor] Initialized — simulated sensor mode active
2026-09-12 10:39:33 - [edge_ai] - [DEBUG] - [IRSensor] Mock mode — pin 27
2026-09-12 10:39:33 - [edge_ai] - [DEBUG] - [Ultrasonic] Mock mode — trig=23, echo=24
2026-09-12 10:39:33 - [edge_ai] - [INFO] - [SensorManager] Initialized — mock=True, dht22=mock, hx711=mock, ir=enabled, ultrasonic=enabled
2026-09-12 10:39:33 - [edge_ai] - [DEBUG] - [MockSensor] Initialized — simulated sensor mode active
2026-09-12 10:39:33 - [edge_ai] - [DEBUG] - [IRSensor] Mock mode — pin 27
2026-09-12 10:39:33 - [edge_ai] - [DEBUG] - [Ultrasonic] Mock mode — trig=23, echo=24
2026-09-12 10:39:33 - [edge_ai] - [INFO] - [SensorManager] Initialized — mock=True, dht22=mock, hx711=mock, ir=enabled, ultrasonic=enabled
2026-09-12 10:39:33 - [edge_ai] - [DEBUG] - [MockSensor] Initialized — simulated sensor mode active
2026-09-12 10:39:33 - [edge_ai] - [DEBUG] - [IRSensor] Mock mode — pin 27
2026-09-12 10:39:33 - [edge_ai] - [DEBUG] - [Ultrasonic] Mock mode — trig=23, echo=24
2026-09-12 10:39:33 - [edge_ai] - [INFO] - [SensorManager] Initialized — mock=True, dht22=mock, hx711=mock, ir=enabled, ultrasonic=enabled
2026-09-12 10:39:33 - [edge_ai] - [DEBUG] - [Ultrasonic] Mock mode — trig=23, echo=24
2026-09-12 10:39:33 - [edge_ai] - [DEBUG] - [Ultrasonic] Mock mode — trig=23, echo=24
2026-09-12 10:39:33 - [edge_ai] - [DEBUG] - [Ultrasonic] Mock mode — trig=23, echo=24
2026-09-12 10:39:33 - [edge_ai] - [DEBUG] - [Ultrasonic] Mock mode — trig=23, echo=24
2026-09-12 10:39:33 - [edge_ai] - [DEBUG] - [IRSensor] Mock mode — pin 27
2026-09-12 10:39:33 - [edge_ai] - [DEBUG] - [IRSensor] Mock mode — pin 27
2026-09-12 10:39:33 - [edge_ai] - [DEBUG] - [IRSensor] Mock mode — pin 27
2026-09-12 10:39:33 - [edge_ai] - [DEBUG] - [IRSensor] Mock mode — pin 27
2026-09-12 10:39:34 - [edge_ai] - [DEBUG] - [IRSensor] Mock mode — pin 27
2026-09-12 10:39:34 - [edge_ai] - [DEBUG] - [MockSensor] Initialized — simulated sensor mode active
2026-09-12 10:39:34 - [edge_ai] - [DEBUG] - [MockSensor] Initialized — simulated sensor mode active
2026-09-12 10:39:34 - [edge_ai] - [DEBUG] - [MockSensor] Initialized — simulated sensor mode active
2026-09-12 10:39:34 - [edge_ai] - [DEBUG] - [MockSensor] Initialized — simulated sensor mode active
2026-09-12 10:39:34 - [edge_ai] - [DEBUG] - [IRSensor] Mock mode — pin 27
2026-09-12 10:39:34 - [edge_ai] - [DEBUG] - [Ultrasonic] Mock mode — trig=23, echo=24
2026-09-12 10:39:34 - [edge_ai] - [INFO] - [SensorManager] Initialized — mock=True, dht22=mock, hx711=mock, ir=enabled, ultrasonic=enabled
2026-09-12 10:39:34 - [edge_ai] - [DEBUG] - [MockSensor] Initialized — simulated sensor mode active
2026-09-12 10:39:34 - [edge_ai] - [DEBUG] - [IRSensor] Mock mode — pin 27
2026-09-12 10:39:34 - [edge_ai] - [DEBUG] - [Ultrasonic] Mock mode — trig=23, echo=24
2026-09-12 10:39:34 - [edge_ai] - [INFO] - [SensorManager] Initialized — mock=True, dht22=mock, hx711=mock, ir=enabled, ultrasonic=enabled
2026-09-12 10:39:34 - [edge_ai] - [DEBUG] - [MockSensor] Initialized — simulated sensor mode active
2026-09-12 10:39:34 - [edge_ai] - [DEBUG] - [IRSensor] Mock mode — pin 27
2026-09-12 10:39:34 - [edge_ai] - [DEBUG] - [Ultrasonic] Mock mode — trig=23, echo=24
2026-09-12 10:39:34 - [edge_ai] - [INFO] - [SensorManager] Initialized — mock=True, dht22=mock, hx711=mock, ir=enabled, ultrasonic=enabled
2026-09-12 10:42:17 - [edge_ai] - [INFO] - [QueueDetector] Initialized with threshold=3, roi=None, service_time=2.0s
2026-09-12 10:42:17 - [edge_ai] - [INFO] - [QueueDetector] Initialized with threshold=5, roi=[100, 200, 300, 150], service_time=2.0s
2026-09-12 10:42:17 - [edge_ai] - [INFO] - [QueueDetector] Initialized with threshold=3, roi=None, service_time=2.0s
2026-09-12 10:42:17 - [edge_ai] - [INFO] - [QueueDetector] Initialized with threshold=3, roi=None, service_time=2.0s
2026-09-12 10:42:17 - [edge_ai] - [WARNING] - [QueueDetector] QUEUE_OVERFLOW: count=4, threshold=3, est_wait=8.0s
2026-09-12 10:42:17 - [edge_ai] - [INFO] - [QueueDetector] Initialized with threshold=3, roi=None, service_time=2.0s
2026-09-12 10:42:17 - [edge_ai] - [INFO] - [QueueDetector] QUEUE_EMPTY: queue has cleared
2026-09-12 10:42:17 - [edge_ai] - [INFO] - [QueueDetector] Initialized with threshold=3, roi=None, service_time=2.0s
2026-09-12 10:42:17 - [edge_ai] - [WARNING] - [QueueDetector] QUEUE_OVERFLOW: count=3, threshold=3, est_wait=6.0s
2026-09-12 10:42:17 - [edge_ai] - [INFO] - [ShelfDetector] Initialized with 1 shelves, out_of_stock_threshold=10%
2026-09-12 10:42:17 - [edge_ai] - [INFO] - [ShelfDetector] Initialized with 1 shelves, out_of_stock_threshold=10%
2026-09-12 10:42:17 - [edge_ai] - [INFO] - [ShelfDetector] Initialized with 1 shelves, out_of_stock_threshold=10.0%
2026-09-12 10:42:17 - [edge_ai] - [WARNING] - [ShelfDetector] OUT_OF_STOCK_DETECTED: shelf=A1, fill=0.0%, count=0/10
2026-09-12 10:42:17 - [edge_ai] - [INFO] - [ShelfDetector] Initialized with 1 shelves, out_of_stock_threshold=10%
2026-09-12 10:42:17 - [edge_ai] - [INFO] - [ShelfDetector] Initialized with 0 shelves, out_of_stock_threshold=10%
2026-09-12 10:42:17 - [edge_ai] - [INFO] - [ShelfDetector] Added shelf: B1
2026-09-12 10:42:17 - [edge_ai] - [INFO] - [ShelfDetector] Removed shelf: B1
2026-09-12 10:42:17 - [edge_ai] - [WARNING] - [IRSensor] RPi.GPIO not available — using mock mode
2026-09-12 10:42:17 - [edge_ai] - [DEBUG] - [MockSensor] Initialized — simulated sensor mode active
2026-09-12 10:42:17 - [edge_ai] - [DEBUG] - [IRSensor] Mock mode — pin 27
2026-09-12 10:42:17 - [edge_ai] - [DEBUG] - [Ultrasonic] Mock mode — trig=23, echo=24
2026-09-12 10:42:17 - [edge_ai] - [INFO] - [SensorManager] Initialized — mock=True, dht22=mock, hx711=mock, ir=enabled, ultrasonic=enabled
2026-09-12 10:42:17 - [edge_ai] - [DEBUG] - [MockSensor] Initialized — simulated sensor mode active
2026-09-12 10:42:17 - [edge_ai] - [DEBUG] - [IRSensor] Mock mode — pin 27
2026-09-12 10:42:17 - [edge_ai] - [DEBUG] - [Ultrasonic] Mock mode — trig=23, echo=24
2026-09-12 10:42:17 - [edge_ai] - [INFO] - [SensorManager] Initialized — mock=True, dht22=mock, hx711=mock, ir=enabled, ultrasonic=enabled
2026-09-12 10:42:17 - [edge_ai] - [DEBUG] - [MockSensor] Initialized — simulated sensor mode active
2026-09-12 10:42:17 - [edge_ai] - [DEBUG] - [IRSensor] Mock mode — pin 27
2026-09-12 10:42:17 - [edge_ai] - [DEBUG] - [Ultrasonic] Mock mode — trig=23, echo=24
2026-09-12 10:42:17 - [edge_ai] - [INFO] - [SensorManager] Initialized — mock=True, dht22=mock, hx711=mock, ir=enabled, ultrasonic=enabled
2026-09-12 10:42:17 - [edge_ai] - [DEBUG] - [MockSensor] Initialized — simulated sensor mode active
2026-09-12 10:42:17 - [edge_ai] - [DEBUG] - [IRSensor] Mock mode — pin 27
2026-09-12 10:42:17 - [edge_ai] - [DEBUG] - [Ultrasonic] Mock mode — trig=23, echo=24
2026-09-12 10:42:17 - [edge_ai] - [INFO] - [SensorManager] Initialized — mock=True, dht22=mock, hx711=mock, ir=enabled, ultrasonic=enabled
2026-09-12 10:42:17 - [edge_ai] - [DEBUG] - [MockSensor] Initialized — simulated sensor mode active
2026-09-12 10:42:17 - [edge_ai] - [DEBUG] - [IRSensor] Mock mode — pin 27
2026-09-12 10:42:17 - [edge_ai] - [DEBUG] - [Ultrasonic] Mock mode — trig=23, echo=24
2026-09-12 10:42:17 - [edge_ai] - [INFO] - [SensorManager] Initialized — mock=True, dht22=mock, hx711=mock, ir=enabled, ultrasonic=enabled
2026-09-12 10:42:17 - [edge_ai] - [DEBUG] - [Ultrasonic] Mock mode — trig=23, echo=24
2026-09-12 10:42:17 - [edge_ai] - [DEBUG] - [Ultrasonic] Mock mode — trig=23, echo=24
2026-09-12 10:42:17 - [edge_ai] - [DEBUG] - [Ultrasonic] Mock mode — trig=23, echo=24
2026-09-12 10:42:17 - [edge_ai] - [DEBUG] - [Ultrasonic] Mock mode — trig=23, echo=24
2026-09-12 10:42:17 - [edge_ai] - [DEBUG] - [IRSensor] Mock mode — pin 27
2026-09-12 10:42:17 - [edge_ai] - [DEBUG] - [IRSensor] Mock mode — pin 27
2026-09-12 10:42:17 - [edge_ai] - [DEBUG] - [IRSensor] Mock mode — pin 27
2026-09-12 10:42:17 - [edge_ai] - [DEBUG] - [IRSensor] Mock mode — pin 27
2026-09-12 10:42:18 - [edge_ai] - [DEBUG] - [IRSensor] Mock mode — pin 27
2026-09-12 10:42:18 - [edge_ai] - [DEBUG] - [MockSensor] Initialized — simulated sensor mode active
2026-09-12 10:42:18 - [edge_ai] - [DEBUG] - [MockSensor] Initialized — simulated sensor mode active
2026-09-12 10:42:18 - [edge_ai] - [DEBUG] - [MockSensor] Initialized — simulated sensor mode active
2026-09-12 10:42:18 - [edge_ai] - [DEBUG] - [MockSensor] Initialized — simulated sensor mode active
2026-09-12 10:42:18 - [edge_ai] - [DEBUG] - [IRSensor] Mock mode — pin 27
2026-09-12 10:42:18 - [edge_ai] - [DEBUG] - [Ultrasonic] Mock mode — trig=23, echo=24
2026-09-12 10:42:18 - [edge_ai] - [INFO] - [SensorManager] Initialized — mock=True, dht22=mock, hx711=mock, ir=enabled, ultrasonic=enabled
2026-09-12 10:42:18 - [edge_ai] - [DEBUG] - [MockSensor] Initialized — simulated sensor mode active
2026-09-12 10:42:18 - [edge_ai] - [DEBUG] - [IRSensor] Mock mode — pin 27
2026-09-12 10:42:18 - [edge_ai] - [DEBUG] - [Ultrasonic] Mock mode — trig=23, echo=24
2026-09-12 10:42:18 - [edge_ai] - [INFO] - [SensorManager] Initialized — mock=True, dht22=mock, hx711=mock, ir=enabled, ultrasonic=enabled
2026-09-12 10:42:18 - [edge_ai] - [DEBUG] - [MockSensor] Initialized — simulated sensor mode active
2026-09-12 10:42:18 - [edge_ai] - [DEBUG] - [IRSensor] Mock mode — pin 27
2026-09-12 10:42:18 - [edge_ai] - [DEBUG] - [Ultrasonic] Mock mode — trig=23, echo=24
2026-09-12 10:42:18 - [edge_ai] - [INFO] - [SensorManager] Initialized — mock=True, dht22=mock, hx711=mock, ir=enabled, ultrasonic=enabled
2026-09-12 10:42:26 - [edge_ai] - [INFO] - [QueueDetector] Initialized with threshold=3, roi=None, service_time=2.0s
2026-09-12 10:42:26 - [edge_ai] - [INFO] - [QueueDetector] Initialized with threshold=5, roi=[100, 200, 300, 150], service_time=2.0s
2026-09-12 10:42:26 - [edge_ai] - [INFO] - [QueueDetector] Initialized with threshold=3, roi=None, service_time=2.0s
2026-09-12 10:42:26 - [edge_ai] - [INFO] - [QueueDetector] Initialized with threshold=3, roi=None, service_time=2.0s
2026-09-12 10:42:26 - [edge_ai] - [WARNING] - [QueueDetector] QUEUE_OVERFLOW: count=4, threshold=3, est_wait=8.0s
2026-09-12 10:42:26 - [edge_ai] - [INFO] - [QueueDetector] Initialized with threshold=3, roi=None, service_time=2.0s
2026-09-12 10:42:26 - [edge_ai] - [INFO] - [QueueDetector] QUEUE_EMPTY: queue has cleared
2026-09-12 10:42:26 - [edge_ai] - [INFO] - [QueueDetector] Initialized with threshold=3, roi=None, service_time=2.0s
2026-09-12 10:42:26 - [edge_ai] - [WARNING] - [QueueDetector] QUEUE_OVERFLOW: count=3, threshold=3, est_wait=6.0s
2026-09-12 10:42:26 - [edge_ai] - [INFO] - [ShelfDetector] Initialized with 1 shelves, out_of_stock_threshold=10%
2026-09-12 10:42:26 - [edge_ai] - [INFO] - [ShelfDetector] Initialized with 1 shelves, out_of_stock_threshold=10%
2026-09-12 10:42:26 - [edge_ai] - [INFO] - [ShelfDetector] Initialized with 1 shelves, out_of_stock_threshold=10.0%
2026-09-12 10:42:26 - [edge_ai] - [WARNING] - [ShelfDetector] OUT_OF_STOCK_DETECTED: shelf=A1, fill=0.0%, count=0/10
2026-09-12 10:42:26 - [edge_ai] - [INFO] - [ShelfDetector] Initialized with 1 shelves, out_of_stock_threshold=10%
2026-09-12 10:42:26 - [edge_ai] - [INFO] - [ShelfDetector] Initialized with 0 shelves, out_of_stock_threshold=10%
2026-09-12 10:42:26 - [edge_ai] - [INFO] - [ShelfDetector] Added shelf: B1
2026-09-12 10:42:26 - [edge_ai] - [INFO] - [ShelfDetector] Removed shelf: B1
2026-09-12 10:42:26 - [edge_ai] - [WARNING] - [IRSensor] RPi.GPIO not available — using mock mode
2026-09-12 10:42:26 - [edge_ai] - [DEBUG] - [MockSensor] Initialized — simulated sensor mode active
2026-09-12 10:42:26 - [edge_ai] - [DEBUG] - [IRSensor] Mock mode — pin 27
2026-09-12 10:42:26 - [edge_ai] - [DEBUG] - [Ultrasonic] Mock mode — trig=23, echo=24
2026-09-12 10:42:26 - [edge_ai] - [INFO] - [SensorManager] Initialized — mock=True, dht22=mock, hx711=mock, ir=enabled, ultrasonic=enabled
2026-09-12 10:42:26 - [edge_ai] - [DEBUG] - [MockSensor] Initialized — simulated sensor mode active
2026-09-12 10:42:26 - [edge_ai] - [DEBUG] - [IRSensor] Mock mode — pin 27
2026-09-12 10:42:26 - [edge_ai] - [DEBUG] - [Ultrasonic] Mock mode — trig=23, echo=24
2026-09-12 10:42:26 - [edge_ai] - [INFO] - [SensorManager] Initialized — mock=True, dht22=mock, hx711=mock, ir=enabled, ultrasonic=enabled
2026-09-12 10:42:26 - [edge_ai] - [DEBUG] - [MockSensor] Initialized — simulated sensor mode active
2026-09-12 10:42:26 - [edge_ai] - [DEBUG] - [IRSensor] Mock mode — pin 27
2026-09-12 10:42:26 - [edge_ai] - [DEBUG] - [Ultrasonic] Mock mode — trig=23, echo=24
2026-09-12 10:42:26 - [edge_ai] - [INFO] - [SensorManager] Initialized — mock=True, dht22=mock, hx711=mock, ir=enabled, ultrasonic=enabled
2026-09-12 10:42:26 - [edge_ai] - [DEBUG] - [MockSensor] Initialized — simulated sensor mode active
2026-09-12 10:42:26 - [edge_ai] - [DEBUG] - [IRSensor] Mock mode — pin 27
2026-09-12 10:42:26 - [edge_ai] - [DEBUG] - [Ultrasonic] Mock mode — trig=23, echo=24
2026-09-12 10:42:26 - [edge_ai] - [INFO] - [SensorManager] Initialized — mock=True, dht22=mock, hx711=mock, ir=enabled, ultrasonic=enabled
2026-09-12 10:42:26 - [edge_ai] - [DEBUG] - [MockSensor] Initialized — simulated sensor mode active
2026-09-12 10:42:26 - [edge_ai] - [DEBUG] - [IRSensor] Mock mode — pin 27
2026-09-12 10:42:26 - [edge_ai] - [DEBUG] - [Ultrasonic] Mock mode — trig=23, echo=24
2026-09-12 10:42:26 - [edge_ai] - [INFO] - [SensorManager] Initialized — mock=True, dht22=mock, hx711=mock, ir=enabled, ultrasonic=enabled
2026-09-12 10:42:26 - [edge_ai] - [DEBUG] - [Ultrasonic] Mock mode — trig=23, echo=24
2026-09-12 10:42:26 - [edge_ai] - [DEBUG] - [Ultrasonic] Mock mode — trig=23, echo=24
2026-09-12 10:42:26 - [edge_ai] - [DEBUG] - [Ultrasonic] Mock mode — trig=23, echo=24
2026-09-12 10:42:26 - [edge_ai] - [DEBUG] - [Ultrasonic] Mock mode — trig=23, echo=24
2026-09-12 10:42:26 - [edge_ai] - [DEBUG] - [IRSensor] Mock mode — pin 27
2026-09-12 10:42:26 - [edge_ai] - [DEBUG] - [IRSensor] Mock mode — pin 27
2026-09-12 10:42:26 - [edge_ai] - [DEBUG] - [IRSensor] Mock mode — pin 27
2026-09-12 10:42:26 - [edge_ai] - [DEBUG] - [IRSensor] Mock mode — pin 27
2026-09-12 10:42:27 - [edge_ai] - [DEBUG] - [IRSensor] Mock mode — pin 27
2026-09-12 10:42:27 - [edge_ai] - [DEBUG] - [MockSensor] Initialized — simulated sensor mode active
2026-09-12 10:42:27 - [edge_ai] - [DEBUG] - [MockSensor] Initialized — simulated sensor mode active
2026-09-12 10:42:27 - [edge_ai] - [DEBUG] - [MockSensor] Initialized — simulated sensor mode active
2026-09-12 10:42:27 - [edge_ai] - [DEBUG] - [MockSensor] Initialized — simulated sensor mode active
2026-09-12 10:42:27 - [edge_ai] - [DEBUG] - [IRSensor] Mock mode — pin 27
2026-09-12 10:42:27 - [edge_ai] - [DEBUG] - [Ultrasonic] Mock mode — trig=23, echo=24
2026-09-12 10:42:27 - [edge_ai] - [INFO] - [SensorManager] Initialized — mock=True, dht22=mock, hx711=mock, ir=enabled, ultrasonic=enabled
2026-09-12 10:42:27 - [edge_ai] - [DEBUG] - [MockSensor] Initialized — simulated sensor mode active
2026-09-12 10:42:27 - [edge_ai] - [DEBUG] - [IRSensor] Mock mode — pin 27
2026-09-12 10:42:27 - [edge_ai] - [DEBUG] - [Ultrasonic] Mock mode — trig=23, echo=24
2026-09-12 10:42:27 - [edge_ai] - [INFO] - [SensorManager] Initialized — mock=True, dht22=mock, hx711=mock, ir=enabled, ultrasonic=enabled
2026-09-12 10:42:27 - [edge_ai] - [DEBUG] - [MockSensor] Initialized — simulated sensor mode active
2026-09-12 10:42:27 - [edge_ai] - [DEBUG] - [IRSensor] Mock mode — pin 27
2026-09-12 10:42:27 - [edge_ai] - [DEBUG] - [Ultrasonic] Mock mode — trig=23, echo=24
2026-09-12 10:42:27 - [edge_ai] - [INFO] - [SensorManager] Initialized — mock=True, dht22=mock, hx711=mock, ir=enabled, ultrasonic=enabled
2026-09-12 10:43:28 - [edge_ai] - [INFO] - [QueueDetector] Initialized with threshold=3, roi=None, service_time=2.0s
2026-09-12 10:43:28 - [edge_ai] - [INFO] - [QueueDetector] Initialized with threshold=5, roi=[100, 200, 300, 150], service_time=2.0s
2026-09-12 10:43:28 - [edge_ai] - [INFO] - [QueueDetector] Initialized with threshold=3, roi=None, service_time=2.0s
2026-09-12 10:43:28 - [edge_ai] - [INFO] - [QueueDetector] Initialized with threshold=3, roi=None, service_time=2.0s
2026-09-12 10:43:28 - [edge_ai] - [WARNING] - [QueueDetector] QUEUE_OVERFLOW: count=4, threshold=3, est_wait=8.0s
2026-09-12 10:43:28 - [edge_ai] - [INFO] - [QueueDetector] Initialized with threshold=3, roi=None, service_time=2.0s
2026-09-12 10:43:28 - [edge_ai] - [INFO] - [QueueDetector] QUEUE_EMPTY: queue has cleared
2026-09-12 10:43:28 - [edge_ai] - [INFO] - [QueueDetector] Initialized with threshold=3, roi=None, service_time=2.0s
2026-09-12 10:43:28 - [edge_ai] - [WARNING] - [QueueDetector] QUEUE_OVERFLOW: count=3, threshold=3, est_wait=6.0s
2026-09-12 10:43:28 - [edge_ai] - [INFO] - [ShelfDetector] Initialized with 1 shelves, out_of_stock_threshold=10%
2026-09-12 10:43:28 - [edge_ai] - [INFO] - [ShelfDetector] Initialized with 1 shelves, out_of_stock_threshold=10%
2026-09-12 10:43:28 - [edge_ai] - [INFO] - [ShelfDetector] Initialized with 1 shelves, out_of_stock_threshold=10.0%
2026-09-12 10:43:28 - [edge_ai] - [WARNING] - [ShelfDetector] OUT_OF_STOCK_DETECTED: shelf=A1, fill=0.0%, count=0/10
2026-09-12 10:43:28 - [edge_ai] - [INFO] - [ShelfDetector] Initialized with 1 shelves, out_of_stock_threshold=10%
2026-09-12 10:43:28 - [edge_ai] - [INFO] - [ShelfDetector] Initialized with 0 shelves, out_of_stock_threshold=10%
2026-09-12 10:43:28 - [edge_ai] - [INFO] - [ShelfDetector] Added shelf: B1
2026-09-12 10:43:28 - [edge_ai] - [INFO] - [ShelfDetector] Removed shelf: B1
2026-09-12 10:43:28 - [edge_ai] - [WARNING] - [IRSensor] RPi.GPIO not available — using mock mode
2026-09-12 10:43:28 - [edge_ai] - [DEBUG] - [MockSensor] Initialized — simulated sensor mode active
2026-09-12 10:43:28 - [edge_ai] - [DEBUG] - [IRSensor] Mock mode — pin 27
2026-09-12 10:43:28 - [edge_ai] - [DEBUG] - [Ultrasonic] Mock mode — trig=23, echo=24
2026-09-12 10:43:28 - [edge_ai] - [INFO] - [SensorManager] Initialized — mock=True, dht22=mock, hx711=mock, ir=enabled, ultrasonic=enabled
2026-09-12 10:43:28 - [edge_ai] - [DEBUG] - [MockSensor] Initialized — simulated sensor mode active
2026-09-12 10:43:28 - [edge_ai] - [DEBUG] - [IRSensor] Mock mode — pin 27
2026-09-12 10:43:28 - [edge_ai] - [DEBUG] - [Ultrasonic] Mock mode — trig=23, echo=24
2026-09-12 10:43:28 - [edge_ai] - [INFO] - [SensorManager] Initialized — mock=True, dht22=mock, hx711=mock, ir=enabled, ultrasonic=enabled
2026-09-12 10:43:28 - [edge_ai] - [DEBUG] - [MockSensor] Initialized — simulated sensor mode active
2026-09-12 10:43:28 - [edge_ai] - [DEBUG] - [IRSensor] Mock mode — pin 27
2026-09-12 10:43:28 - [edge_ai] - [DEBUG] - [Ultrasonic] Mock mode — trig=23, echo=24
2026-09-12 10:43:28 - [edge_ai] - [INFO] - [SensorManager] Initialized — mock=True, dht22=mock, hx711=mock, ir=enabled, ultrasonic=enabled
2026-09-12 10:43:28 - [edge_ai] - [DEBUG] - [MockSensor] Initialized — simulated sensor mode active
2026-09-12 10:43:28 - [edge_ai] - [DEBUG] - [IRSensor] Mock mode — pin 27
2026-09-12 10:43:28 - [edge_ai] - [DEBUG] - [Ultrasonic] Mock mode — trig=23, echo=24
2026-09-12 10:43:28 - [edge_ai] - [INFO] - [SensorManager] Initialized — mock=True, dht22=mock, hx711=mock, ir=enabled, ultrasonic=enabled
2026-09-12 10:43:28 - [edge_ai] - [DEBUG] - [MockSensor] Initialized — simulated sensor mode active
2026-09-12 10:43:28 - [edge_ai] - [DEBUG] - [IRSensor] Mock mode — pin 27
2026-09-12 10:43:28 - [edge_ai] - [DEBUG] - [Ultrasonic] Mock mode — trig=23, echo=24
2026-09-12 10:43:28 - [edge_ai] - [INFO] - [SensorManager] Initialized — mock=True, dht22=mock, hx711=mock, ir=enabled, ultrasonic=enabled
2026-09-12 10:43:28 - [edge_ai] - [DEBUG] - [Ultrasonic] Mock mode — trig=23, echo=24
2026-09-12 10:43:28 - [edge_ai] - [DEBUG] - [Ultrasonic] Mock mode — trig=23, echo=24
2026-09-12 10:43:28 - [edge_ai] - [DEBUG] - [Ultrasonic] Mock mode — trig=23, echo=24
2026-09-12 10:43:28 - [edge_ai] - [DEBUG] - [Ultrasonic] Mock mode — trig=23, echo=24
2026-09-12 10:43:28 - [edge_ai] - [DEBUG] - [IRSensor] Mock mode — pin 27
2026-09-12 10:43:28 - [edge_ai] - [DEBUG] - [IRSensor] Mock mode — pin 27
2026-09-12 10:43:28 - [edge_ai] - [DEBUG] - [IRSensor] Mock mode — pin 27
2026-09-12 10:43:28 - [edge_ai] - [DEBUG] - [IRSensor] Mock mode — pin 27
2026-09-12 10:43:29 - [edge_ai] - [DEBUG] - [IRSensor] Mock mode — pin 27
2026-09-12 10:43:29 - [edge_ai] - [DEBUG] - [MockSensor] Initialized — simulated sensor mode active
2026-09-12 10:43:29 - [edge_ai] - [DEBUG] - [MockSensor] Initialized — simulated sensor mode active
2026-09-12 10:43:29 - [edge_ai] - [DEBUG] - [MockSensor] Initialized — simulated sensor mode active
2026-09-12 10:43:29 - [edge_ai] - [DEBUG] - [MockSensor] Initialized — simulated sensor mode active
2026-09-12 10:43:29 - [edge_ai] - [DEBUG] - [IRSensor] Mock mode — pin 27
2026-09-12 10:43:29 - [edge_ai] - [DEBUG] - [Ultrasonic] Mock mode — trig=23, echo=24
2026-09-12 10:43:29 - [edge_ai] - [INFO] - [SensorManager] Initialized — mock=True, dht22=mock, hx711=mock, ir=enabled, ultrasonic=enabled
2026-09-12 10:43:29 - [edge_ai] - [DEBUG] - [MockSensor] Initialized — simulated sensor mode active
2026-09-12 10:43:29 - [edge_ai] - [DEBUG] - [IRSensor] Mock mode — pin 27
2026-09-12 10:43:29 - [edge_ai] - [DEBUG] - [Ultrasonic] Mock mode — trig=23, echo=24
2026-09-12 10:43:29 - [edge_ai] - [INFO] - [SensorManager] Initialized — mock=True, dht22=mock, hx711=mock, ir=enabled, ultrasonic=enabled
2026-09-12 10:43:29 - [edge_ai] - [DEBUG] - [MockSensor] Initialized — simulated sensor mode active
2026-09-12 10:43:29 - [edge_ai] - [DEBUG] - [IRSensor] Mock mode — pin 27
2026-09-12 10:43:29 - [edge_ai] - [DEBUG] - [Ultrasonic] Mock mode — trig=23, echo=24
2026-09-12 10:43:29 - [edge_ai] - [INFO] - [SensorManager] Initialized — mock=True, dht22=mock, hx711=mock, ir=enabled, ultrasonic=enabled
2026-09-12 10:44:13 - [edge_ai] - [WARNING] - [WebSocketClient] 'websockets' package not installed — running in REST-only mode
2026-09-12 10:44:13 - [edge_ai] - [DEBUG] - [BackendClient] Buffered offline: /first (total buffered: 1)
2026-09-12 10:44:13 - [edge_ai] - [DEBUG] - [BackendClient] Buffered offline: /second (total buffered: 2)
2026-09-12 10:44:13 - [edge_ai] - [INFO] - [BackendClient] Flushed 2 offline-buffered events
2026-09-12 10:44:13 - [edge_ai] - [DEBUG] - [BackendClient] Buffered offline: /first (total buffered: 1)
2026-09-12 10:44:13 - [edge_ai] - [INFO] - [QueueDetector] Initialized with threshold=3, roi=None, service_time=2.0s
2026-09-12 10:44:13 - [edge_ai] - [INFO] - [QueueDetector] Initialized with threshold=5, roi=[100, 200, 300, 150], service_time=2.0s
2026-09-12 10:44:13 - [edge_ai] - [INFO] - [QueueDetector] Initialized with threshold=3, roi=None, service_time=2.0s
2026-09-12 10:44:13 - [edge_ai] - [INFO] - [QueueDetector] Initialized with threshold=3, roi=None, service_time=2.0s
2026-09-12 10:44:13 - [edge_ai] - [WARNING] - [QueueDetector] QUEUE_OVERFLOW: count=4, threshold=3, est_wait=8.0s
2026-09-12 10:44:13 - [edge_ai] - [INFO] - [QueueDetector] Initialized with threshold=3, roi=None, service_time=2.0s
2026-09-12 10:44:13 - [edge_ai] - [INFO] - [QueueDetector] QUEUE_EMPTY: queue has cleared
2026-09-12 10:44:13 - [edge_ai] - [INFO] - [QueueDetector] Initialized with threshold=3, roi=None, service_time=2.0s
2026-09-12 10:44:13 - [edge_ai] - [WARNING] - [QueueDetector] QUEUE_OVERFLOW: count=3, threshold=3, est_wait=6.0s
2026-09-12 10:44:13 - [edge_ai] - [INFO] - [ShelfDetector] Initialized with 1 shelves, out_of_stock_threshold=10%
2026-09-12 10:44:13 - [edge_ai] - [INFO] - [ShelfDetector] Initialized with 1 shelves, out_of_stock_threshold=10%
2026-09-12 10:44:13 - [edge_ai] - [INFO] - [ShelfDetector] Initialized with 1 shelves, out_of_stock_threshold=10.0%
2026-09-12 10:44:13 - [edge_ai] - [WARNING] - [ShelfDetector] OUT_OF_STOCK_DETECTED: shelf=A1, fill=0.0%, count=0/10
2026-09-12 10:44:13 - [edge_ai] - [INFO] - [ShelfDetector] Initialized with 1 shelves, out_of_stock_threshold=10%
2026-09-12 10:44:13 - [edge_ai] - [INFO] - [ShelfDetector] Initialized with 0 shelves, out_of_stock_threshold=10%
2026-09-12 10:44:13 - [edge_ai] - [INFO] - [ShelfDetector] Added shelf: B1
2026-09-12 10:44:13 - [edge_ai] - [INFO] - [ShelfDetector] Removed shelf: B1
2026-09-12 10:44:13 - [edge_ai] - [WARNING] - [IRSensor] RPi.GPIO not available — using mock mode
2026-09-12 10:44:13 - [edge_ai] - [DEBUG] - [MockSensor] Initialized — simulated sensor mode active
2026-09-12 10:44:13 - [edge_ai] - [DEBUG] - [IRSensor] Mock mode — pin 27
2026-09-12 10:44:13 - [edge_ai] - [DEBUG] - [Ultrasonic] Mock mode — trig=23, echo=24
2026-09-12 10:44:13 - [edge_ai] - [INFO] - [SensorManager] Initialized — mock=True, dht22=mock, hx711=mock, ir=enabled, ultrasonic=enabled
2026-09-12 10:44:13 - [edge_ai] - [DEBUG] - [MockSensor] Initialized — simulated sensor mode active
2026-09-12 10:44:13 - [edge_ai] - [DEBUG] - [IRSensor] Mock mode — pin 27
2026-09-12 10:44:13 - [edge_ai] - [DEBUG] - [Ultrasonic] Mock mode — trig=23, echo=24
2026-09-12 10:44:13 - [edge_ai] - [INFO] - [SensorManager] Initialized — mock=True, dht22=mock, hx711=mock, ir=enabled, ultrasonic=enabled
2026-09-12 10:44:13 - [edge_ai] - [DEBUG] - [MockSensor] Initialized — simulated sensor mode active
2026-09-12 10:44:13 - [edge_ai] - [DEBUG] - [IRSensor] Mock mode — pin 27
2026-09-12 10:44:13 - [edge_ai] - [DEBUG] - [Ultrasonic] Mock mode — trig=23, echo=24
2026-09-12 10:44:13 - [edge_ai] - [INFO] - [SensorManager] Initialized — mock=True, dht22=mock, hx711=mock, ir=enabled, ultrasonic=enabled
2026-09-12 10:44:13 - [edge_ai] - [DEBUG] - [MockSensor] Initialized — simulated sensor mode active
2026-09-12 10:44:13 - [edge_ai] - [DEBUG] - [IRSensor] Mock mode — pin 27
2026-09-12 10:44:13 - [edge_ai] - [DEBUG] - [Ultrasonic] Mock mode — trig=23, echo=24
2026-09-12 10:44:13 - [edge_ai] - [INFO] - [SensorManager] Initialized — mock=True, dht22=mock, hx711=mock, ir=enabled, ultrasonic=enabled
2026-09-12 10:44:13 - [edge_ai] - [DEBUG] - [MockSensor] Initialized — simulated sensor mode active
2026-09-12 10:44:13 - [edge_ai] - [DEBUG] - [IRSensor] Mock mode — pin 27
2026-09-12 10:44:13 - [edge_ai] - [DEBUG] - [Ultrasonic] Mock mode — trig=23, echo=24
2026-09-12 10:44:13 - [edge_ai] - [INFO] - [SensorManager] Initialized — mock=True, dht22=mock, hx711=mock, ir=enabled, ultrasonic=enabled
2026-09-12 10:44:13 - [edge_ai] - [DEBUG] - [Ultrasonic] Mock mode — trig=23, echo=24
2026-09-12 10:44:13 - [edge_ai] - [DEBUG] - [Ultrasonic] Mock mode — trig=23, echo=24
2026-09-12 10:44:13 - [edge_ai] - [DEBUG] - [Ultrasonic] Mock mode — trig=23, echo=24
2026-09-12 10:44:13 - [edge_ai] - [DEBUG] - [Ultrasonic] Mock mode — trig=23, echo=24
2026-09-12 10:44:13 - [edge_ai] - [DEBUG] - [IRSensor] Mock mode — pin 27
2026-09-12 10:44:13 - [edge_ai] - [DEBUG] - [IRSensor] Mock mode — pin 27
2026-09-12 10:44:13 - [edge_ai] - [DEBUG] - [IRSensor] Mock mode — pin 27
2026-09-12 10:44:13 - [edge_ai] - [DEBUG] - [IRSensor] Mock mode — pin 27
2026-09-12 10:44:14 - [edge_ai] - [DEBUG] - [IRSensor] Mock mode — pin 27
2026-09-12 10:44:14 - [edge_ai] - [DEBUG] - [MockSensor] Initialized — simulated sensor mode active
2026-09-12 10:44:14 - [edge_ai] - [DEBUG] - [MockSensor] Initialized — simulated sensor mode active
2026-09-12 10:44:14 - [edge_ai] - [DEBUG] - [MockSensor] Initialized — simulated sensor mode active
2026-09-12 10:44:14 - [edge_ai] - [DEBUG] - [MockSensor] Initialized — simulated sensor mode active
2026-09-12 10:44:14 - [edge_ai] - [DEBUG] - [IRSensor] Mock mode — pin 27
2026-09-12 10:44:14 - [edge_ai] - [DEBUG] - [Ultrasonic] Mock mode — trig=23, echo=24
2026-09-12 10:44:14 - [edge_ai] - [INFO] - [SensorManager] Initialized — mock=True, dht22=mock, hx711=mock, ir=enabled, ultrasonic=enabled
2026-09-12 10:44:14 - [edge_ai] - [DEBUG] - [MockSensor] Initialized — simulated sensor mode active
2026-09-12 10:44:14 - [edge_ai] - [DEBUG] - [IRSensor] Mock mode — pin 27
2026-09-12 10:44:14 - [edge_ai] - [DEBUG] - [Ultrasonic] Mock mode — trig=23, echo=24
2026-09-12 10:44:14 - [edge_ai] - [INFO] - [SensorManager] Initialized — mock=True, dht22=mock, hx711=mock, ir=enabled, ultrasonic=enabled
2026-09-12 10:44:14 - [edge_ai] - [DEBUG] - [MockSensor] Initialized — simulated sensor mode active
2026-09-12 10:44:14 - [edge_ai] - [DEBUG] - [IRSensor] Mock mode — pin 27
2026-09-12 10:44:14 - [edge_ai] - [DEBUG] - [Ultrasonic] Mock mode — trig=23, echo=24
2026-09-12 10:44:14 - [edge_ai] - [INFO] - [SensorManager] Initialized — mock=True, dht22=mock, hx711=mock, ir=enabled, ultrasonic=enabled
2026-09-12 10:44:20 - [edge_ai] - [WARNING] - [WebSocketClient] 'websockets' package not installed — running in REST-only mode
2026-09-12 10:44:20 - [edge_ai] - [DEBUG] - [BackendClient] Buffered offline: /first (total buffered: 1)
2026-09-12 10:44:20 - [edge_ai] - [DEBUG] - [BackendClient] Buffered offline: /second (total buffered: 2)
2026-09-12 10:44:20 - [edge_ai] - [INFO] - [BackendClient] Flushed 2 offline-buffered events
2026-09-12 10:44:20 - [edge_ai] - [DEBUG] - [BackendClient] Buffered offline: /first (total buffered: 1)
2026-09-12 10:44:20 - [edge_ai] - [INFO] - [QueueDetector] Initialized with threshold=3, roi=None, service_time=2.0s
2026-09-12 10:44:20 - [edge_ai] - [INFO] - [QueueDetector] Initialized with threshold=5, roi=[100, 200, 300, 150], service_time=2.0s
2026-09-12 10:44:20 - [edge_ai] - [INFO] - [QueueDetector] Initialized with threshold=3, roi=None, service_time=2.0s
2026-09-12 10:44:20 - [edge_ai] - [INFO] - [QueueDetector] Initialized with threshold=3, roi=None, service_time=2.0s
2026-09-12 10:44:20 - [edge_ai] - [WARNING] - [QueueDetector] QUEUE_OVERFLOW: count=4, threshold=3, est_wait=8.0s
2026-09-12 10:44:20 - [edge_ai] - [INFO] - [QueueDetector] Initialized with threshold=3, roi=None, service_time=2.0s
2026-09-12 10:44:20 - [edge_ai] - [INFO] - [QueueDetector] QUEUE_EMPTY: queue has cleared
2026-09-12 10:44:20 - [edge_ai] - [INFO] - [QueueDetector] Initialized with threshold=3, roi=None, service_time=2.0s
2026-09-12 10:44:20 - [edge_ai] - [WARNING] - [QueueDetector] QUEUE_OVERFLOW: count=3, threshold=3, est_wait=6.0s
2026-09-12 10:44:20 - [edge_ai] - [INFO] - [ShelfDetector] Initialized with 1 shelves, out_of_stock_threshold=10%
2026-09-12 10:44:20 - [edge_ai] - [INFO] - [ShelfDetector] Initialized with 1 shelves, out_of_stock_threshold=10%
2026-09-12 10:44:20 - [edge_ai] - [INFO] - [ShelfDetector] Initialized with 1 shelves, out_of_stock_threshold=10.0%
2026-09-12 10:44:20 - [edge_ai] - [WARNING] - [ShelfDetector] OUT_OF_STOCK_DETECTED: shelf=A1, fill=0.0%, count=0/10
2026-09-12 10:44:20 - [edge_ai] - [INFO] - [ShelfDetector] Initialized with 1 shelves, out_of_stock_threshold=10%
2026-09-12 10:44:20 - [edge_ai] - [INFO] - [ShelfDetector] Initialized with 0 shelves, out_of_stock_threshold=10%
2026-09-12 10:44:20 - [edge_ai] - [INFO] - [ShelfDetector] Added shelf: B1
2026-09-12 10:44:20 - [edge_ai] - [INFO] - [ShelfDetector] Removed shelf: B1
2026-09-12 10:44:20 - [edge_ai] - [WARNING] - [IRSensor] RPi.GPIO not available — using mock mode
2026-09-12 10:44:20 - [edge_ai] - [DEBUG] - [MockSensor] Initialized — simulated sensor mode active
2026-09-12 10:44:20 - [edge_ai] - [DEBUG] - [IRSensor] Mock mode — pin 27
2026-09-12 10:44:20 - [edge_ai] - [DEBUG] - [Ultrasonic] Mock mode — trig=23, echo=24
2026-09-12 10:44:20 - [edge_ai] - [INFO] - [SensorManager] Initialized — mock=True, dht22=mock, hx711=mock, ir=enabled, ultrasonic=enabled
2026-09-12 10:44:20 - [edge_ai] - [DEBUG] - [MockSensor] Initialized — simulated sensor mode active
2026-09-12 10:44:20 - [edge_ai] - [DEBUG] - [IRSensor] Mock mode — pin 27
2026-09-12 10:44:20 - [edge_ai] - [DEBUG] - [Ultrasonic] Mock mode — trig=23, echo=24
2026-09-12 10:44:20 - [edge_ai] - [INFO] - [SensorManager] Initialized — mock=True, dht22=mock, hx711=mock, ir=enabled, ultrasonic=enabled
2026-09-12 10:44:20 - [edge_ai] - [DEBUG] - [MockSensor] Initialized — simulated sensor mode active
2026-09-12 10:44:20 - [edge_ai] - [DEBUG] - [IRSensor] Mock mode — pin 27
2026-09-12 10:44:20 - [edge_ai] - [DEBUG] - [Ultrasonic] Mock mode — trig=23, echo=24
2026-09-12 10:44:20 - [edge_ai] - [INFO] - [SensorManager] Initialized — mock=True, dht22=mock, hx711=mock, ir=enabled, ultrasonic=enabled
2026-09-12 10:44:20 - [edge_ai] - [DEBUG] - [MockSensor] Initialized — simulated sensor mode active
2026-09-12 10:44:20 - [edge_ai] - [DEBUG] - [IRSensor] Mock mode — pin 27
2026-09-12 10:44:20 - [edge_ai] - [DEBUG] - [Ultrasonic] Mock mode — trig=23, echo=24
2026-09-12 10:44:20 - [edge_ai] - [INFO] - [SensorManager] Initialized — mock=True, dht22=mock, hx711=mock, ir=enabled, ultrasonic=enabled
2026-09-12 10:44:20 - [edge_ai] - [DEBUG] - [MockSensor] Initialized — simulated sensor mode active
2026-09-12 10:44:20 - [edge_ai] - [DEBUG] - [IRSensor] Mock mode — pin 27
2026-09-12 10:44:20 - [edge_ai] - [DEBUG] - [Ultrasonic] Mock mode — trig=23, echo=24
2026-09-12 10:44:20 - [edge_ai] - [INFO] - [SensorManager] Initialized — mock=True, dht22=mock, hx711=mock, ir=enabled, ultrasonic=enabled
2026-09-12 10:44:20 - [edge_ai] - [DEBUG] - [Ultrasonic] Mock mode — trig=23, echo=24
2026-09-12 10:44:20 - [edge_ai] - [DEBUG] - [Ultrasonic] Mock mode — trig=23, echo=24
2026-09-12 10:44:20 - [edge_ai] - [DEBUG] - [Ultrasonic] Mock mode — trig=23, echo=24
2026-09-12 10:44:20 - [edge_ai] - [DEBUG] - [Ultrasonic] Mock mode — trig=23, echo=24
2026-09-12 10:44:20 - [edge_ai] - [DEBUG] - [IRSensor] Mock mode — pin 27
2026-09-12 10:44:20 - [edge_ai] - [DEBUG] - [IRSensor] Mock mode — pin 27
2026-09-12 10:44:20 - [edge_ai] - [DEBUG] - [IRSensor] Mock mode — pin 27
2026-09-12 10:44:20 - [edge_ai] - [DEBUG] - [IRSensor] Mock mode — pin 27
2026-09-12 10:44:21 - [edge_ai] - [DEBUG] - [IRSensor] Mock mode — pin 27
2026-09-12 10:44:21 - [edge_ai] - [DEBUG] - [MockSensor] Initialized — simulated sensor mode active
2026-09-12 10:44:21 - [edge_ai] - [DEBUG] - [MockSensor] Initialized — simulated sensor mode active
2026-09-12 10:44:21 - [edge_ai] - [DEBUG] - [MockSensor] Initialized — simulated sensor mode active
2026-09-12 10:44:21 - [edge_ai] - [DEBUG] - [MockSensor] Initialized — simulated sensor mode active
2026-09-12 10:44:21 - [edge_ai] - [DEBUG] - [IRSensor] Mock mode — pin 27
2026-09-12 10:44:21 - [edge_ai] - [DEBUG] - [Ultrasonic] Mock mode — trig=23, echo=24
2026-09-12 10:44:21 - [edge_ai] - [INFO] - [SensorManager] Initialized — mock=True, dht22=mock, hx711=mock, ir=enabled, ultrasonic=enabled
2026-09-12 10:44:21 - [edge_ai] - [DEBUG] - [MockSensor] Initialized — simulated sensor mode active
2026-09-12 10:44:21 - [edge_ai] - [DEBUG] - [IRSensor] Mock mode — pin 27
2026-09-12 10:44:21 - [edge_ai] - [DEBUG] - [Ultrasonic] Mock mode — trig=23, echo=24
2026-09-12 10:44:21 - [edge_ai] - [INFO] - [SensorManager] Initialized — mock=True, dht22=mock, hx711=mock, ir=enabled, ultrasonic=enabled
2026-09-12 10:44:21 - [edge_ai] - [DEBUG] - [MockSensor] Initialized — simulated sensor mode active
2026-09-12 10:44:21 - [edge_ai] - [DEBUG] - [IRSensor] Mock mode — pin 27
2026-09-12 10:44:21 - [edge_ai] - [DEBUG] - [Ultrasonic] Mock mode — trig=23, echo=24
2026-09-12 10:44:21 - [edge_ai] - [INFO] - [SensorManager] Initialized — mock=True, dht22=mock, hx711=mock, ir=enabled, ultrasonic=enabled
2026-09-12 10:45:22 - [edge_ai] - [WARNING] - [WebSocketClient] 'websockets' package not installed — running in REST-only mode
2026-09-12 10:45:22 - [edge_ai] - [DEBUG] - [BackendClient] Buffered offline: /first (total buffered: 1)
2026-09-12 10:45:22 - [edge_ai] - [DEBUG] - [BackendClient] Buffered offline: /second (total buffered: 2)
2026-09-12 10:45:22 - [edge_ai] - [INFO] - [BackendClient] Flushed 2 offline-buffered events
2026-09-12 10:45:22 - [edge_ai] - [DEBUG] - [BackendClient] Buffered offline: /first (total buffered: 1)
2026-09-12 10:45:22 - [edge_ai] - [INFO] - [QueueDetector] Initialized with threshold=3, roi=None, service_time=2.0s
2026-09-12 10:45:22 - [edge_ai] - [INFO] - [QueueDetector] Initialized with threshold=5, roi=[100, 200, 300, 150], service_time=2.0s
2026-09-12 10:45:22 - [edge_ai] - [INFO] - [QueueDetector] Initialized with threshold=3, roi=None, service_time=2.0s
2026-09-12 10:45:22 - [edge_ai] - [INFO] - [QueueDetector] Initialized with threshold=3, roi=None, service_time=2.0s
2026-09-12 10:45:22 - [edge_ai] - [WARNING] - [QueueDetector] QUEUE_OVERFLOW: count=4, threshold=3, est_wait=8.0s
2026-09-12 10:45:22 - [edge_ai] - [INFO] - [QueueDetector] Initialized with threshold=3, roi=None, service_time=2.0s
2026-09-12 10:45:22 - [edge_ai] - [INFO] - [QueueDetector] QUEUE_EMPTY: queue has cleared
2026-09-12 10:45:22 - [edge_ai] - [INFO] - [QueueDetector] Initialized with threshold=3, roi=None, service_time=2.0s
2026-09-12 10:45:22 - [edge_ai] - [WARNING] - [QueueDetector] QUEUE_OVERFLOW: count=3, threshold=3, est_wait=6.0s
2026-09-12 10:45:22 - [edge_ai] - [INFO] - [ShelfDetector] Initialized with 1 shelves, out_of_stock_threshold=10%
2026-09-12 10:45:22 - [edge_ai] - [INFO] - [ShelfDetector] Initialized with 1 shelves, out_of_stock_threshold=10%
2026-09-12 10:45:22 - [edge_ai] - [INFO] - [ShelfDetector] Initialized with 1 shelves, out_of_stock_threshold=10.0%
2026-09-12 10:45:22 - [edge_ai] - [WARNING] - [ShelfDetector] OUT_OF_STOCK_DETECTED: shelf=A1, fill=0.0%, count=0/10
2026-09-12 10:45:22 - [edge_ai] - [INFO] - [ShelfDetector] Initialized with 1 shelves, out_of_stock_threshold=10%
2026-09-12 10:45:22 - [edge_ai] - [INFO] - [ShelfDetector] Initialized with 0 shelves, out_of_stock_threshold=10%
2026-09-12 10:45:22 - [edge_ai] - [INFO] - [ShelfDetector] Added shelf: B1
2026-09-12 10:45:22 - [edge_ai] - [INFO] - [ShelfDetector] Removed shelf: B1
2026-09-12 10:45:22 - [edge_ai] - [WARNING] - [IRSensor] RPi.GPIO not available — using mock mode
2026-09-12 10:45:22 - [edge_ai] - [DEBUG] - [MockSensor] Initialized — simulated sensor mode active
2026-09-12 10:45:22 - [edge_ai] - [DEBUG] - [IRSensor] Mock mode — pin 27
2026-09-12 10:45:22 - [edge_ai] - [DEBUG] - [Ultrasonic] Mock mode — trig=23, echo=24
2026-09-12 10:45:22 - [edge_ai] - [INFO] - [SensorManager] Initialized — mock=True, dht22=mock, hx711=mock, ir=enabled, ultrasonic=enabled
2026-09-12 10:45:22 - [edge_ai] - [DEBUG] - [MockSensor] Initialized — simulated sensor mode active
2026-09-12 10:45:22 - [edge_ai] - [DEBUG] - [IRSensor] Mock mode — pin 27
2026-09-12 10:45:22 - [edge_ai] - [DEBUG] - [Ultrasonic] Mock mode — trig=23, echo=24
2026-09-12 10:45:22 - [edge_ai] - [INFO] - [SensorManager] Initialized — mock=True, dht22=mock, hx711=mock, ir=enabled, ultrasonic=enabled
2026-09-12 10:45:22 - [edge_ai] - [DEBUG] - [MockSensor] Initialized — simulated sensor mode active
2026-09-12 10:45:22 - [edge_ai] - [DEBUG] - [IRSensor] Mock mode — pin 27
2026-09-12 10:45:22 - [edge_ai] - [DEBUG] - [Ultrasonic] Mock mode — trig=23, echo=24
2026-09-12 10:45:22 - [edge_ai] - [INFO] - [SensorManager] Initialized — mock=True, dht22=mock, hx711=mock, ir=enabled, ultrasonic=enabled
2026-09-12 10:45:22 - [edge_ai] - [DEBUG] - [MockSensor] Initialized — simulated sensor mode active
2026-09-12 10:45:22 - [edge_ai] - [DEBUG] - [IRSensor] Mock mode — pin 27
2026-09-12 10:45:22 - [edge_ai] - [DEBUG] - [Ultrasonic] Mock mode — trig=23, echo=24
2026-09-12 10:45:22 - [edge_ai] - [INFO] - [SensorManager] Initialized — mock=True, dht22=mock, hx711=mock, ir=enabled, ultrasonic=enabled
2026-09-12 10:45:22 - [edge_ai] - [DEBUG] - [MockSensor] Initialized — simulated sensor mode active
2026-09-12 10:45:22 - [edge_ai] - [DEBUG] - [IRSensor] Mock mode — pin 27
2026-09-12 10:45:22 - [edge_ai] - [DEBUG] - [Ultrasonic] Mock mode — trig=23, echo=24
2026-09-12 10:45:22 - [edge_ai] - [INFO] - [SensorManager] Initialized — mock=True, dht22=mock, hx711=mock, ir=enabled, ultrasonic=enabled
2026-09-12 10:45:22 - [edge_ai] - [DEBUG] - [Ultrasonic] Mock mode — trig=23, echo=24
2026-09-12 10:45:22 - [edge_ai] - [DEBUG] - [Ultrasonic] Mock mode — trig=23, echo=24
2026-09-12 10:45:22 - [edge_ai] - [DEBUG] - [Ultrasonic] Mock mode — trig=23, echo=24
2026-09-12 10:45:22 - [edge_ai] - [DEBUG] - [Ultrasonic] Mock mode — trig=23, echo=24
2026-09-12 10:45:22 - [edge_ai] - [DEBUG] - [IRSensor] Mock mode — pin 27
2026-09-12 10:45:22 - [edge_ai] - [DEBUG] - [IRSensor] Mock mode — pin 27
2026-09-12 10:45:22 - [edge_ai] - [DEBUG] - [IRSensor] Mock mode — pin 27
2026-09-12 10:45:22 - [edge_ai] - [DEBUG] - [IRSensor] Mock mode — pin 27
2026-09-12 10:45:23 - [edge_ai] - [DEBUG] - [IRSensor] Mock mode — pin 27
2026-09-12 10:45:23 - [edge_ai] - [DEBUG] - [MockSensor] Initialized — simulated sensor mode active
2026-09-12 10:45:23 - [edge_ai] - [DEBUG] - [MockSensor] Initialized — simulated sensor mode active
2026-09-12 10:45:23 - [edge_ai] - [DEBUG] - [MockSensor] Initialized — simulated sensor mode active
2026-09-12 10:45:23 - [edge_ai] - [DEBUG] - [MockSensor] Initialized — simulated sensor mode active
2026-09-12 10:45:23 - [edge_ai] - [DEBUG] - [IRSensor] Mock mode — pin 27
2026-09-12 10:45:23 - [edge_ai] - [DEBUG] - [Ultrasonic] Mock mode — trig=23, echo=24
2026-09-12 10:45:23 - [edge_ai] - [INFO] - [SensorManager] Initialized — mock=True, dht22=mock, hx711=mock, ir=enabled, ultrasonic=enabled
2026-09-12 10:45:23 - [edge_ai] - [DEBUG] - [MockSensor] Initialized — simulated sensor mode active
2026-09-12 10:45:23 - [edge_ai] - [DEBUG] - [IRSensor] Mock mode — pin 27
2026-09-12 10:45:23 - [edge_ai] - [DEBUG] - [Ultrasonic] Mock mode — trig=23, echo=24
2026-09-12 10:45:23 - [edge_ai] - [INFO] - [SensorManager] Initialized — mock=True, dht22=mock, hx711=mock, ir=enabled, ultrasonic=enabled
2026-09-12 10:45:23 - [edge_ai] - [DEBUG] - [MockSensor] Initialized — simulated sensor mode active
2026-09-12 10:45:23 - [edge_ai] - [DEBUG] - [IRSensor] Mock mode — pin 27
2026-09-12 10:45:23 - [edge_ai] - [DEBUG] - [Ultrasonic] Mock mode — trig=23, echo=24
2026-09-12 10:45:23 - [edge_ai] - [INFO] - [SensorManager] Initialized — mock=True, dht22=mock, hx711=mock, ir=enabled, ultrasonic=enabled
2026-09-12 10:46:09 - [edge_ai] - [WARNING] - [WebSocketClient] 'websockets' package not installed — running in REST-only mode
2026-09-12 10:46:09 - [edge_ai] - [WARNING] - [IRSensor] RPi.GPIO not available — using mock mode
2026-09-12 10:47:31 - [edge_ai] - [WARNING] - [WebSocketClient] 'websockets' package not installed — running in REST-only mode
2026-09-12 10:47:32 - [edge_ai] - [DEBUG] - [BackendClient] Buffered offline: /first (total buffered: 1)
2026-09-12 10:47:32 - [edge_ai] - [DEBUG] - [BackendClient] Buffered offline: /second (total buffered: 2)
2026-09-12 10:47:32 - [edge_ai] - [INFO] - [BackendClient] Flushed 2 offline-buffered events
2026-09-12 10:47:32 - [edge_ai] - [DEBUG] - [BackendClient] Buffered offline: /first (total buffered: 1)
2026-09-12 10:47:32 - [edge_ai] - [INFO] - [QueueDetector] Initialized with threshold=3, roi=None, service_time=2.0s
2026-09-12 10:47:32 - [edge_ai] - [INFO] - [QueueDetector] Initialized with threshold=5, roi=[100, 200, 300, 150], service_time=2.0s
2026-09-12 10:47:32 - [edge_ai] - [INFO] - [QueueDetector] Initialized with threshold=3, roi=None, service_time=2.0s
2026-09-12 10:47:32 - [edge_ai] - [INFO] - [QueueDetector] Initialized with threshold=3, roi=None, service_time=2.0s
2026-09-12 10:47:32 - [edge_ai] - [WARNING] - [QueueDetector] QUEUE_OVERFLOW: count=4, threshold=3, est_wait=8.0s
2026-09-12 10:47:32 - [edge_ai] - [INFO] - [QueueDetector] Initialized with threshold=3, roi=None, service_time=2.0s
2026-09-12 10:47:32 - [edge_ai] - [INFO] - [QueueDetector] QUEUE_EMPTY: queue has cleared
2026-09-12 10:47:32 - [edge_ai] - [INFO] - [QueueDetector] Initialized with threshold=3, roi=None, service_time=2.0s
2026-09-12 10:47:32 - [edge_ai] - [WARNING] - [QueueDetector] QUEUE_OVERFLOW: count=3, threshold=3, est_wait=6.0s
2026-09-12 10:47:32 - [edge_ai] - [INFO] - [ShelfDetector] Initialized with 1 shelves, out_of_stock_threshold=10%
2026-09-12 10:47:32 - [edge_ai] - [INFO] - [ShelfDetector] Initialized with 1 shelves, out_of_stock_threshold=10%
2026-09-12 10:47:32 - [edge_ai] - [INFO] - [ShelfDetector] Initialized with 1 shelves, out_of_stock_threshold=10.0%
2026-09-12 10:47:32 - [edge_ai] - [WARNING] - [ShelfDetector] OUT_OF_STOCK_DETECTED: shelf=A1, fill=0.0%, count=0/10
2026-09-12 10:47:32 - [edge_ai] - [INFO] - [ShelfDetector] Initialized with 1 shelves, out_of_stock_threshold=10%
2026-09-12 10:47:32 - [edge_ai] - [INFO] - [ShelfDetector] Initialized with 0 shelves, out_of_stock_threshold=10%
2026-09-12 10:47:32 - [edge_ai] - [INFO] - [ShelfDetector] Added shelf: B1
2026-09-12 10:47:32 - [edge_ai] - [INFO] - [ShelfDetector] Removed shelf: B1
2026-09-12 10:47:32 - [edge_ai] - [WARNING] - [IRSensor] RPi.GPIO not available — using mock mode
2026-09-12 10:47:32 - [edge_ai] - [DEBUG] - [MockSensor] Initialized — simulated sensor mode active
2026-09-12 10:47:32 - [edge_ai] - [DEBUG] - [IRSensor] Mock mode — pin 27
2026-09-12 10:47:32 - [edge_ai] - [DEBUG] - [Ultrasonic] Mock mode — trig=23, echo=24
2026-09-12 10:47:32 - [edge_ai] - [INFO] - [SensorManager] Initialized — mock=True, dht22=mock, hx711=mock, ir=enabled, ultrasonic=enabled
2026-09-12 10:47:32 - [edge_ai] - [DEBUG] - [MockSensor] Initialized — simulated sensor mode active
2026-09-12 10:47:32 - [edge_ai] - [DEBUG] - [IRSensor] Mock mode — pin 27
2026-09-12 10:47:32 - [edge_ai] - [DEBUG] - [Ultrasonic] Mock mode — trig=23, echo=24
2026-09-12 10:47:32 - [edge_ai] - [INFO] - [SensorManager] Initialized — mock=True, dht22=mock, hx711=mock, ir=enabled, ultrasonic=enabled
2026-09-12 10:47:32 - [edge_ai] - [DEBUG] - [MockSensor] Initialized — simulated sensor mode active
2026-09-12 10:47:32 - [edge_ai] - [DEBUG] - [IRSensor] Mock mode — pin 27
2026-09-12 10:47:32 - [edge_ai] - [DEBUG] - [Ultrasonic] Mock mode — trig=23, echo=24
2026-09-12 10:47:32 - [edge_ai] - [INFO] - [SensorManager] Initialized — mock=True, dht22=mock, hx711=mock, ir=enabled, ultrasonic=enabled
2026-09-12 10:47:32 - [edge_ai] - [DEBUG] - [MockSensor] Initialized — simulated sensor mode active
2026-09-12 10:47:32 - [edge_ai] - [DEBUG] - [IRSensor] Mock mode — pin 27
2026-09-12 10:47:32 - [edge_ai] - [DEBUG] - [Ultrasonic] Mock mode — trig=23, echo=24
2026-09-12 10:47:32 - [edge_ai] - [INFO] - [SensorManager] Initialized — mock=True, dht22=mock, hx711=mock, ir=enabled, ultrasonic=enabled
2026-09-12 10:47:32 - [edge_ai] - [DEBUG] - [MockSensor] Initialized — simulated sensor mode active
2026-09-12 10:47:32 - [edge_ai] - [DEBUG] - [IRSensor] Mock mode — pin 27
2026-09-12 10:47:32 - [edge_ai] - [DEBUG] - [Ultrasonic] Mock mode — trig=23, echo=24
2026-09-12 10:47:32 - [edge_ai] - [INFO] - [SensorManager] Initialized — mock=True, dht22=mock, hx711=mock, ir=enabled, ultrasonic=enabled
2026-09-12 10:47:32 - [edge_ai] - [DEBUG] - [Ultrasonic] Mock mode — trig=23, echo=24
2026-09-12 10:47:32 - [edge_ai] - [DEBUG] - [Ultrasonic] Mock mode — trig=23, echo=24
2026-09-12 10:47:32 - [edge_ai] - [DEBUG] - [Ultrasonic] Mock mode — trig=23, echo=24
2026-09-12 10:47:32 - [edge_ai] - [DEBUG] - [Ultrasonic] Mock mode — trig=23, echo=24
2026-09-12 10:47:32 - [edge_ai] - [DEBUG] - [IRSensor] Mock mode — pin 27
2026-09-12 10:47:32 - [edge_ai] - [DEBUG] - [IRSensor] Mock mode — pin 27
2026-09-12 10:47:32 - [edge_ai] - [DEBUG] - [IRSensor] Mock mode — pin 27
2026-09-12 10:47:32 - [edge_ai] - [DEBUG] - [IRSensor] Mock mode — pin 27
2026-09-12 10:47:33 - [edge_ai] - [DEBUG] - [IRSensor] Mock mode — pin 27
2026-09-12 10:47:33 - [edge_ai] - [DEBUG] - [MockSensor] Initialized — simulated sensor mode active
2026-09-12 10:47:33 - [edge_ai] - [DEBUG] - [MockSensor] Initialized — simulated sensor mode active
2026-09-12 10:47:33 - [edge_ai] - [DEBUG] - [MockSensor] Initialized — simulated sensor mode active
2026-09-12 10:47:33 - [edge_ai] - [DEBUG] - [MockSensor] Initialized — simulated sensor mode active
2026-09-12 10:47:33 - [edge_ai] - [DEBUG] - [IRSensor] Mock mode — pin 27
2026-09-12 10:47:33 - [edge_ai] - [DEBUG] - [Ultrasonic] Mock mode — trig=23, echo=24
2026-09-12 10:47:33 - [edge_ai] - [INFO] - [SensorManager] Initialized — mock=True, dht22=mock, hx711=mock, ir=enabled, ultrasonic=enabled
2026-09-12 10:47:33 - [edge_ai] - [DEBUG] - [MockSensor] Initialized — simulated sensor mode active
2026-09-12 10:47:33 - [edge_ai] - [DEBUG] - [IRSensor] Mock mode — pin 27
2026-09-12 10:47:33 - [edge_ai] - [DEBUG] - [Ultrasonic] Mock mode — trig=23, echo=24
2026-09-12 10:47:33 - [edge_ai] - [INFO] - [SensorManager] Initialized — mock=True, dht22=mock, hx711=mock, ir=enabled, ultrasonic=enabled
2026-09-12 10:47:33 - [edge_ai] - [DEBUG] - [MockSensor] Initialized — simulated sensor mode active
2026-09-12 10:47:33 - [edge_ai] - [DEBUG] - [IRSensor] Mock mode — pin 27
2026-09-12 10:47:33 - [edge_ai] - [DEBUG] - [Ultrasonic] Mock mode — trig=23, echo=24
2026-09-12 10:47:33 - [edge_ai] - [INFO] - [SensorManager] Initialized — mock=True, dht22=mock, hx711=mock, ir=enabled, ultrasonic=enabled
2026-09-12 11:00:18 - [edge_ai] - [INFO] - [MobileCamera] Source resolved: 'http://10.12.43.218:8080/videofeed'
2026-09-12 11:00:19 - [edge_ai] - [DEBUG] - [StreamHandler] Discarded 30 warmup frames
2026-09-12 11:00:19 - [edge_ai] - [DEBUG] - [Reconnect] Capture opened — failure counters reset
2026-09-12 11:00:19 - [edge_ai] - [INFO] - [StreamHandler] Capture open — source=http://10.12.43.218:8080/videofeed, size=1920x1080
2026-09-12 11:00:19 - [edge_ai] - [INFO] - [StreamHandler] Started — source=http://10.12.43.218:8080/videofeed
2026-09-12 11:00:19 - [edge_ai] - [INFO] - [StreamHandler] Stopped
2026-09-12 11:00:19 - [edge_ai] - [DEBUG] - [StreamHandler] Discarded 30 warmup frames
2026-09-12 11:00:19 - [edge_ai] - [DEBUG] - [Reconnect] Capture opened — failure counters reset
2026-09-12 11:00:19 - [edge_ai] - [INFO] - [StreamHandler] Capture open — source=http://10.12.43.218:8080/videofeed, size=1920x1080
2026-09-12 11:00:19 - [edge_ai] - [INFO] - [StreamHandler] Started — source=http://10.12.43.218:8080/videofeed
2026-09-12 11:00:19 - [edge_ai] - [INFO] - [StreamHandler] Stopped
